Full text: بِسْمِ ٱللَّهِ ٱلرَّحْمَـٰنِ ٱلرَّحِيمِ
First word: بِسْمِ
Char codes: 0x628 0x650 0x633 0x652 0x645 0x650
